// A thematic break:

A paragraph.

***

A paragraph.
