// An explicit sidebar block:
[sidebar]
A paragraph.

// A delimited sidebar block:
****
A paragraph.
****

// A delimited sidebar block:
*******
A paragraph.
*******
