// A topic with a deprecated content type definition:
:_content-type: PROCEDURE

= Topic title

A paragraph.
