// A topic with an invalid content type definition:
:_mod-docs-content-type:

= Topic title

A paragraph.
