:_mod-docs-content-type: PROCEDURE
// A topic without the content type definition:
= Topic title

A paragraph.
