// An unsupported example in a sidebar block:

====
An unsupported example.
====

****
A paragraph.
****

// An unsupported example in a delimited block:

====
An unsupported example.
====

--
A paragraph.
--
