// Unsupported examples in sections:

[example]
An unsupported example.

====
An unsupported example.
====

== Section title
