// Unsupported examples in blocks:

// Moved example blocks from other blocks
====
Block-embedded example block.
====

[example]
Another block-embedded example block.

//
// ADT ExampleBlock: This is the end of the main body.
// Example blocks should be placed above this point for DITA 1.3 compliance.
//

.Example block
====
This is a container block.
====

.Another block
====
This is another container block.
====
