// Unsupported examples in sections:
====
An unsupported example.
====

//
// ADT ExampleBlock: This is the end of the main body.
// Example blocks should be placed above this point for DITA 1.3 compliance.
//
== Section title

//
// ADT ExampleBlock: Move this example block to the main body of the topic 
// (before the first section header) for DITA 1.3 compliance.
//
[example]
An unsupported example.
