// A page break in an inline comment:
//
//A page.
//
//<<<
//
//A page.
