// Page break variations:

A page.

<<<

A page.

<<<<<<

A page.

[%always]
<<<
