// A level 1 section without an empty line.
== Topic title
A paragraph.
