// Valid attribute references:

:DocumentTitle: {product-name} {product-version}

{DocumentTitle} describes {product-name}.
