// Escaped conditional directives:

\ifdef::beginner-content[]
A paragraph.
\endif::[]
