// Identify the document as a procedure module:
:_mod-docs-content-type: PROCEDURE

= Topic title

A paragraph.

.Image title
image::file.png[]

.Table title
[cols="1"]
|===
|Header

|Cell
|===

.Example title
====
An example.
====
