// Identify the document as a procedure module:
:_mod-docs-content-type: PROCEDURE

= Topic title

A paragraph.

.First unsupported title

A paragraph.

.Second unsupported title
