= Test Document with Entity

Welcome to Red Hat Enterprise Linux version 9.0.

This is a test procedure for installation.
