// A hard line break:
//An example +
//hard line break.

// A hard line break:
// +
//line break.

// A hard line break attribute:
//:hardbreaks-option:
//
//An example
//hard line break.

// A hard line break using the options attribute:
//[options="hardbreaks"]
//An example
//hard line break

// A hard line break using the options attribute:
//[options='hardbreaks']
//An example
//hard line break

// A hard line break using the options attribute:
//[options=hardbreaks]
//An example
//hard line break

// A hard line break using the shorthand syntax:
//[%hardbreaks]
//An example
//hard line break.
